// Jest Snapshot v1, https://goo.gl/fbAQLP

exports[`Wrapper Matches the snapshot 1`] = `ReactWrapper {}`;
