// Jest Snapshot v1, https://goo.gl/fbAQLP

exports[`EmbeddedVideo Matches the snapshot 1`] = `ReactWrapper {}`;
