// Jest Snapshot v1, https://goo.gl/fbAQLP

exports[`VideoModal should render without exploding 1`] = `ReactWrapper {}`;
