// Jest Snapshot v1, https://goo.gl/fbAQLP

exports[`Wrapper should render without exploding 1`] = `ReactWrapper {}`;
