// Jest Snapshot v1, https://goo.gl/fbAQLP

exports[`EmbeddedVideo should render without exploding 1`] = `ReactWrapper {}`;
