// Jest Snapshot v1, https://goo.gl/fbAQLP

exports[`App Matches the snapshot 1`] = `ReactWrapper {}`;
